// Jest Snapshot v1, https://goo.gl/fbAQLP

exports[`ak-button/default-behaviour isLoading set the opacity of the text to 0 when isLoading is true 1`] = `
@keyframes animation-0 {
  from {
    -webkit-transform: rotate(50deg);
    -ms-transform: rotate(50deg);
    transform: rotate(50deg);
    opacity: 0;
    stroke-dashoffset: 60;
  }

  to {
    -webkit-transform: rotate(230deg);
    -ms-transform: rotate(230deg);
    transform: rotate(230deg);
    opacity: 1;
    stroke-dashoffset: 50;
  }
}

@keyframes animation-1 {
  to {
    -webkit-transform: rotate(360deg);
    -ms-transform: rotate(360deg);
    transform: rotate(360deg);
  }
}

.emotion-4 {
  -webkit-align-self: center;
  -ms-flex-item-align: center;
  align-self: center;
  display: -webkit-inline-box;
  display: -webkit-inline-flex;
  display: -ms-inline-flexbox;
  display: inline-flex;
  -webkit-flex-wrap: nowrap;
  -ms-flex-wrap: nowrap;
  flex-wrap: nowrap;
  max-width: 100%;
  position: relative;
}

.emotion-5 {
  -webkit-align-items: baseline;
  -webkit-box-align: baseline;
  -ms-flex-align: baseline;
  align-items: baseline;
  border-width: 0;
  box-sizing: border-box;
  display: -webkit-inline-box;
  display: -webkit-inline-flex;
  display: -ms-inline-flexbox;
  display: inline-flex;
  font-size: inherit;
  font-style: normal;
  font-weight: 500;
  max-width: 100%;
  outline: none !important;
  text-align: center;
  -webkit-text-decoration: none;
  text-decoration: none;
  white-space: nowrap;
  background: rgba(9,30,66,0.04);
  border-radius: 3px;
  box-shadow: 0 0 0 2px inherit;
  color: #42526E !important;
  cursor: default;
  height: 2.2857142857142856em;
  line-height: 2.2857142857142856em;
  padding: 0 8px;
  -webkit-transition: background 0.1s ease-out,box-shadow 0.15s cubic-bezier(0.47,0.03,0.49,1.38);
  transition: background 0.1s ease-out,box-shadow 0.15s cubic-bezier(0.47,0.03,0.49,1.38);
  -webkit-transition-duration: 0.1s,0.15s;
  transition-duration: 0.1s,0.15s;
  vertical-align: middle;
  width: auto;
  pointer-events: none;
}

.emotion-5::-moz-focus-inner {
  border: 0;
  margin: 0;
  padding: 0;
}

.emotion-5:hover {
  -webkit-text-decoration: inherit;
  text-decoration: inherit;
}

.emotion-2 {
  display: -webkit-box;
  display: -webkit-flex;
  display: -ms-flexbox;
  display: flex;
  position: absolute;
  left: 50%;
  top: 50%;
  -webkit-transform: translate(-50%,-50%);
  -ms-transform: translate(-50%,-50%);
  transform: translate(-50%,-50%);
}

.emotion-1 {
  vertical-align: middle;
  opacity: 0;
  -webkit-animation: animation-0 1s ease-in-out;
  animation: animation-0 1s ease-in-out;
  -webkit-animation-fill-mode: forwards;
  animation-fill-mode: forwards;
  -webkit-animation-delay: 0ms;
  animation-delay: 0ms;
}

.emotion-0 {
  fill: none;
  stroke: #42526E;
  stroke-width: 1.5;
  stroke-linecap: round;
  stroke-dasharray: 60;
  stroke-dashoffset: inherit;
  -webkit-transform-origin: center;
  -ms-transform-origin: center;
  transform-origin: center;
  -webkit-animation: animation-1 0.86s infinite;
  animation: animation-1 0.86s infinite;
  -webkit-animation-delay: 0ms;
  animation-delay: 0ms;
  -webkit-animation-timing-function: cubic-bezier(0.4,0.15,0.6,0.85);
  animation-timing-function: cubic-bezier(0.4,0.15,0.6,0.85);
}

.emotion-3 {
  -webkit-align-items: center;
  -webkit-box-align: center;
  -ms-flex-align: center;
  align-items: center;
  -webkit-align-self: center;
  -ms-flex-item-align: center;
  align-self: center;
  -webkit-flex: 1 1 auto;
  -ms-flex: 1 1 auto;
  flex: 1 1 auto;
  margin: 0 4px;
  max-width: 100%;
  overflow: hidden;
  text-overflow: ellipsis;
  white-space: nowrap;
  -webkit-transition: opacity 0.3s;
  transition: opacity 0.3s;
  opacity: 0;
}

@keyframes animation-0 {
  from {
    -webkit-transform: rotate(50deg);
    -ms-transform: rotate(50deg);
    transform: rotate(50deg);
    opacity: 0;
    stroke-dashoffset: 60;
  }

  to {
    -webkit-transform: rotate(230deg);
    -ms-transform: rotate(230deg);
    transform: rotate(230deg);
    opacity: 1;
    stroke-dashoffset: 50;
  }
}

@keyframes animation-1 {
  to {
    -webkit-transform: rotate(360deg);
    -ms-transform: rotate(360deg);
    transform: rotate(360deg);
  }
}

.emotion-4 {
  -webkit-align-self: center;
  -ms-flex-item-align: center;
  align-self: center;
  display: -webkit-inline-box;
  display: -webkit-inline-flex;
  display: -ms-inline-flexbox;
  display: inline-flex;
  -webkit-flex-wrap: nowrap;
  -ms-flex-wrap: nowrap;
  flex-wrap: nowrap;
  max-width: 100%;
  position: relative;
}

.emotion-5 {
  -webkit-align-items: baseline;
  -webkit-box-align: baseline;
  -ms-flex-align: baseline;
  align-items: baseline;
  border-width: 0;
  box-sizing: border-box;
  display: -webkit-inline-box;
  display: -webkit-inline-flex;
  display: -ms-inline-flexbox;
  display: inline-flex;
  font-size: inherit;
  font-style: normal;
  font-weight: 500;
  max-width: 100%;
  outline: none !important;
  text-align: center;
  -webkit-text-decoration: none;
  text-decoration: none;
  white-space: nowrap;
  background: rgba(9,30,66,0.04);
  border-radius: 3px;
  box-shadow: 0 0 0 2px inherit;
  color: #42526E !important;
  cursor: default;
  height: 2.2857142857142856em;
  line-height: 2.2857142857142856em;
  padding: 0 8px;
  -webkit-transition: background 0.1s ease-out,box-shadow 0.15s cubic-bezier(0.47,0.03,0.49,1.38);
  transition: background 0.1s ease-out,box-shadow 0.15s cubic-bezier(0.47,0.03,0.49,1.38);
  -webkit-transition-duration: 0.1s,0.15s;
  transition-duration: 0.1s,0.15s;
  vertical-align: middle;
  width: auto;
  pointer-events: none;
}

.emotion-5::-moz-focus-inner {
  border: 0;
  margin: 0;
  padding: 0;
}

.emotion-5:hover {
  -webkit-text-decoration: inherit;
  text-decoration: inherit;
}

.emotion-2 {
  display: -webkit-box;
  display: -webkit-flex;
  display: -ms-flexbox;
  display: flex;
  position: absolute;
  left: 50%;
  top: 50%;
  -webkit-transform: translate(-50%,-50%);
  -ms-transform: translate(-50%,-50%);
  transform: translate(-50%,-50%);
}

.emotion-1 {
  vertical-align: middle;
  opacity: 0;
  -webkit-animation: animation-0 1s ease-in-out;
  animation: animation-0 1s ease-in-out;
  -webkit-animation-fill-mode: forwards;
  animation-fill-mode: forwards;
  -webkit-animation-delay: 0ms;
  animation-delay: 0ms;
}

.emotion-0 {
  fill: none;
  stroke: #42526E;
  stroke-width: 1.5;
  stroke-linecap: round;
  stroke-dasharray: 60;
  stroke-dashoffset: inherit;
  -webkit-transform-origin: center;
  -ms-transform-origin: center;
  transform-origin: center;
  -webkit-animation: animation-1 0.86s infinite;
  animation: animation-1 0.86s infinite;
  -webkit-animation-delay: 0ms;
  animation-delay: 0ms;
  -webkit-animation-timing-function: cubic-bezier(0.4,0.15,0.6,0.85);
  animation-timing-function: cubic-bezier(0.4,0.15,0.6,0.85);
}

.emotion-3 {
  -webkit-align-items: center;
  -webkit-box-align: center;
  -ms-flex-align: center;
  align-items: center;
  -webkit-align-self: center;
  -ms-flex-item-align: center;
  align-self: center;
  -webkit-flex: 1 1 auto;
  -ms-flex: 1 1 auto;
  flex: 1 1 auto;
  margin: 0 4px;
  max-width: 100%;
  overflow: hidden;
  text-overflow: ellipsis;
  white-space: nowrap;
  -webkit-transition: opacity 0.3s;
  transition: opacity 0.3s;
  opacity: 0;
}

<button
  autoFocus={false}
  className="emotion-5"
  disabled={false}
  onBlur={[Function]}
  onClick={[Function]}
  onFocus={[Function]}
  onMouseDown={[Function]}
  onMouseEnter={[Function]}
  onMouseLeave={[Function]}
  onMouseUp={[Function]}
  type="button"
>
  <span
    className="emotion-4"
    onClick={[Function]}
  >
    <div
      className="emotion-2"
    >
      <svg
        className="emotion-1"
        focusable="false"
        height={24}
        viewBox="0 0 16 16"
        width={24}
        xmlns="http://www.w3.org/2000/svg"
      >
        <circle
          className="emotion-0"
          cx="8"
          cy="8"
          r="7"
        />
      </svg>
    </div>
    <span
      className="emotion-3"
    >
      Some text
    </span>
  </span>
</button>
`;
