// Jest Snapshot v1, https://goo.gl/fbAQLP

exports[`editor: calls analyticsBridge.trackEvent when analytics events are captured 1`] = `
Array [
  Array [
    Object {
      "event": "{\\"source\\":\\"unknown\\",\\"action\\":\\"started\\",\\"actionSubject\\":\\"editor\\",\\"attributes\\":{\\"packageName\\":\\"@atlaskit/editor-core\\",\\"packageVersion\\":\\"999.9.9\\",\\"componentName\\":\\"editorCore\\",\\"appearance\\":\\"mobile\\",\\"platform\\":\\"web\\",\\"featureFlags\\":[\\"newInsertionBehaviour\\",\\"interactiveExpand\\"]},\\"tags\\":[\\"editor\\",\\"fabricEditor\\"],\\"eventType\\":\\"ui\\"}",
    },
  ],
]
`;

exports[`editor: calls analyticsBridge.trackEvent when analytics events are captured 2`] = `
Array [
  Array [
    Object {
      "event": "{\\"source\\":\\"unknown\\",\\"action\\":\\"started\\",\\"actionSubject\\":\\"editor\\",\\"attributes\\":{\\"packageName\\":\\"@atlaskit/editor-core\\",\\"packageVersion\\":\\"999.9.9\\",\\"componentName\\":\\"editorCore\\",\\"appearance\\":\\"mobile\\",\\"platform\\":\\"web\\",\\"featureFlags\\":[\\"newInsertionBehaviour\\",\\"interactiveExpand\\"]},\\"tags\\":[\\"editor\\",\\"fabricEditor\\"],\\"eventType\\":\\"ui\\"}",
    },
  ],
]
`;

exports[`renderer: calls analyticsBridge.trackEvent when analytics events are captured 1`] = `
Object {
  "event": "{\\"source\\":\\"unknown\\",\\"action\\":\\"started\\",\\"actionSubject\\":\\"renderer\\",\\"attributes\\":{\\"appearance\\":\\"mobile\\",\\"packageName\\":\\"@atlaskit/renderer\\",\\"packageVersion\\":\\"999.9.9\\",\\"componentName\\":\\"editorCore\\",\\"platform\\":\\"web\\"},\\"tags\\":[\\"editor\\",\\"fabricEditor\\"],\\"eventType\\":\\"ui\\"}",
}
`;

exports[`renderer: calls analyticsBridge.trackEvent when analytics events are captured 2`] = `
Object {
  "event": "{\\"source\\":\\"unknown\\",\\"action\\":\\"started\\",\\"actionSubject\\":\\"renderer\\",\\"attributes\\":{\\"appearance\\":\\"mobile\\",\\"packageName\\":\\"@atlaskit/renderer\\",\\"packageVersion\\":\\"999.9.9\\",\\"componentName\\":\\"editorCore\\",\\"platform\\":\\"web\\"},\\"tags\\":[\\"editor\\",\\"fabricEditor\\"],\\"eventType\\":\\"ui\\"}",
}
`;
