// Jest Snapshot v1, https://goo.gl/fbAQLP

exports[`BackButton Should match snapshot 1`] = `
.emotion-16 {
  position: absolute;
  top: 0;
  bottom: 0;
  left: 0;
  width: 100%;
  display: -webkit-box;
  display: -webkit-flex;
  display: -ms-flexbox;
  display: flex;
  -webkit-flex-direction: column;
  -ms-flex-direction: column;
  flex-direction: column;
  background-color: #ffffff;
}

.emotion-15 {
  -webkit-box-flex: 1;
  -webkit-flex-grow: 1;
  -ms-flex-positive: 1;
  flex-grow: 1;
  display: -webkit-box;
  display: -webkit-flex;
  display: -ms-flexbox;
  display: flex;
  -webkit-flex-direction: column;
  -ms-flex-direction: column;
  flex-direction: column;
  min-height: 0;
}

.emotion-4 {
  height: 56px;
  background-color: #FAFBFC;
  border-bottom: 2px solid #EBECF0;
  -webkit-box-pack: justify;
  -webkit-justify-content: space-between;
  -ms-flex-pack: justify;
  justify-content: space-between;
  position: relative;
}

.emotion-0 {
  color: #42526E;
  text-align: center;
  font-size: 1rem;
  font-weight: 600;
  line-height: 56px;
  width: 100%;
  display: inline-block;
  vertical-align: middle;
}

.emotion-3 {
  position: absolute;
  right: 8px;
  top: 50%;
  -webkit-transform: translateY(-50%);
  -ms-transform: translateY(-50%);
  transform: translateY(-50%);
}

.emotion-2,
.emotion-2:hover,
.emotion-2:active,
.emotion-2:focus,
.emotion-2:visited,
.emotion-2:disabled,
.emotion-2[disabled] {
  -webkit-align-items: baseline;
  -webkit-box-align: baseline;
  -ms-flex-align: baseline;
  align-items: baseline;
  border-width: 0;
  border-radius: 3px;
  box-sizing: border-box;
  display: -webkit-inline-box;
  display: -webkit-inline-flex;
  display: -ms-inline-flexbox;
  display: inline-flex;
  font-size: inherit;
  font-style: normal;
  font-family: inherit;
  font-weight: 500;
  max-width: 100%;
  position: relative;
  text-align: center;
  -webkit-text-decoration: none;
  text-decoration: none;
  -webkit-transition: background 0.1s ease-out,box-shadow 0.15s cubic-bezier(0.47,0.03,0.49,1.38);
  transition: background 0.1s ease-out,box-shadow 0.15s cubic-bezier(0.47,0.03,0.49,1.38);
  white-space: nowrap;
  background: none;
  color: #42526E !important;
  cursor: pointer;
  height: 2.2857142857142856em;
  line-height: 2.2857142857142856em;
  padding: 0 2px;
  vertical-align: middle;
  width: auto;
  -webkit-box-pack: center;
  -webkit-justify-content: center;
  -ms-flex-pack: center;
  justify-content: center;
  outline: none;
}

.emotion-2::-moz-focus-inner,
.emotion-2:hover::-moz-focus-inner,
.emotion-2:active::-moz-focus-inner,
.emotion-2:focus::-moz-focus-inner,
.emotion-2:visited::-moz-focus-inner,
.emotion-2:disabled::-moz-focus-inner,
.emotion-2[disabled]::-moz-focus-inner {
  border: 0;
  margin: 0;
  padding: 0;
}

.emotion-1 {
  -webkit-transition: opacity 0.3s;
  transition: opacity 0.3s;
  opacity: 1;
  -webkit-align-self: center;
  -ms-flex-item-align: center;
  align-self: center;
  display: -webkit-box;
  display: -webkit-flex;
  display: -ms-flexbox;
  display: flex;
  -webkit-box-flex: 0;
  -webkit-flex-grow: 0;
  -ms-flex-positive: 0;
  flex-grow: 0;
  -webkit-flex-shrink: 0;
  -ms-flex-negative: 0;
  flex-shrink: 0;
  line-height: 0;
  font-size: 0;
  -webkit-user-select: none;
  -moz-user-select: none;
  -ms-user-select: none;
  user-select: none;
  margin: 0 2px;
}

.emotion-14 {
  -webkit-box-flex: 1;
  -webkit-flex-grow: 1;
  -ms-flex-positive: 1;
  flex-grow: 1;
  min-height: 0;
  position: relative;
  overflow-y: auto;
  overflow-x: hidden;
  display: -webkit-box;
  display: -webkit-flex;
  display: -ms-flexbox;
  display: flex;
  -webkit-flex-direction: column;
  -ms-flex-direction: column;
  flex-direction: column;
  -webkit-flex-wrap: nowrap;
  -ms-flex-wrap: nowrap;
  flex-wrap: nowrap;
  -webkit-box-pack: start;
  -webkit-justify-content: flex-start;
  -ms-flex-pack: start;
  justify-content: flex-start;
  -webkit-align-content: stretch;
  -ms-flex-line-pack: stretch;
  align-content: stretch;
  -webkit-align-items: flex-start;
  -webkit-box-align: flex-start;
  -ms-flex-align: flex-start;
  align-items: flex-start;
}

.emotion-9 {
  padding: 24px 16px 8px 16px;
  -webkit-order: 0;
  -ms-flex-order: 0;
  order: 0;
  -webkit-flex: 0 1 auto;
  -ms-flex: 0 1 auto;
  flex: 0 1 auto;
  -webkit-align-self: auto;
  -ms-flex-item-align: auto;
  align-self: auto;
  width: 100%;
  box-sizing: border-box;
}

.emotion-8 {
  -webkit-align-items: center;
  -webkit-box-align: center;
  -ms-flex-align: center;
  align-items: center;
  background-color: #FAFBFC;
  border-color: #DFE1E6;
  border-radius: 3px;
  border-width: 2px;
  border-style: solid;
  box-sizing: border-box;
  color: #091E42;
  cursor: text;
  display: -webkit-box;
  display: -webkit-flex;
  display: -ms-flexbox;
  display: flex;
  -webkit-flex: 1 1 100%;
  -ms-flex: 1 1 100%;
  flex: 1 1 100%;
  font-size: 14px;
  -webkit-box-pack: justify;
  -webkit-justify-content: space-between;
  -ms-flex-pack: justify;
  justify-content: space-between;
  max-width: 100%;
  overflow: hidden;
  -webkit-transition: background-color 0.2s ease-in-out,border-color 0.2s ease-in-out;
  transition: background-color 0.2s ease-in-out,border-color 0.2s ease-in-out;
  word-wrap: break-word;
  vertical-align: top;
  pointer-events: auto;
}

.emotion-5 {
  width: 24px;
  height: 24px;
  padding-left: 4px;
}

.emotion-5 > span {
  padding-left: 4px;
  height: 24px;
  width: 24px;
  box-sizing: border-box;
}

.emotion-6 {
  background-color: transparent;
  border: 0;
  box-sizing: border-box;
  color: inherit;
  cursor: inherit;
  font-family: -apple-system,BlinkMacSystemFont,'Segoe UI','Roboto','Oxygen','Ubuntu','Fira Sans','Droid Sans','Helvetica Neue',sans-serif;
  font-size: 14px;
  min-width: 0;
  outline: none;
  padding: 8px 6px;
  width: 100%;
  height: 2.5714285714285716em;
  line-height: 1.4285714285714286;
}

.emotion-6[disabled] {
  -webkit-text-fill-color: unset;
  -webkit-opacity: 1px;
}

.emotion-6::-ms-clear {
  display: none;
}

.emotion-6:invalid {
  box-shadow: none;
}

.emotion-6::-webkit-input-placeholder {
  color: #7A869A;
}

.emotion-6::-moz-placeholder {
  color: #7A869A;
}

.emotion-6:-ms-input-placeholder {
  color: #7A869A;
}

.emotion-6::placeholder {
  color: #7A869A;
}

.emotion-7 {
  font-size: 0;
  padding-right: 8px;
  position: relative;
  white-space: nowrap;
}

.emotion-7 > span {
  padding-right: 4px;
}

.emotion-7 > button,
.emotion-7 > span {
  display: inline-block;
  vertical-align: middle;
}

.emotion-13 {
  width: 100%;
  box-sizing: border-box;
  -webkit-order: 0;
  -ms-flex-order: 0;
  order: 0;
  -webkit-flex: 1 1 auto;
  -ms-flex: 1 1 auto;
  flex: 1 1 auto;
  -webkit-align-self: auto;
  -ms-flex-item-align: auto;
  align-self: auto;
  position: relative;
  overflow-x: hidden;
  overflow-y: scroll;
}

.emotion-10 {
  position: absolute;
  height: 100%;
  width: 100%;
  top: 0;
  background-color: #ffffff;
  -webkit-flex: 1;
  -ms-flex: 1;
  flex: 1;
  -webkit-flex-direction: column;
  -ms-flex-direction: column;
  flex-direction: column;
  box-sizing: border-box;
  overflow-x: hidden;
  overflow-y: auto;
  z-index: 10;
  padding: 0 16px;
}

.emotion-11 {
  padding: 16px 24px;
  position: absolute;
  height: 100%;
  width: 100%;
  top: 0;
  background-color: #ffffff;
  left: 100%;
  -webkit-flex: 1;
  -ms-flex: 1;
  flex: 1;
  -webkit-flex-direction: column;
  -ms-flex-direction: column;
  flex-direction: column;
  box-sizing: border-box;
  overflow-x: hidden;
  overflow-y: auto;
  z-index: 1;
}

.emotion-12 {
  display: block;
  height: 100%;
  overflow: auto;
}

<div
  class="emotion-16"
>
  <div
    class="emotion-15"
  >
    <div
      class="emotion-4"
    >
      <div
        class="emotion-0"
      >
        Help
      </div>
      <div
        class="emotion-3"
      >
        <div>
          <button
            class="emotion-2"
            tabindex="0"
            type="button"
          >
            <span
              class="emotion-1"
            >
              <span
                aria-label="Close"
                class="sc-htpNat ebstqi"
                role="img"
              >
                <svg
                  focusable="false"
                  height="24"
                  role="presentation"
                  viewBox="0 0 24 24"
                  width="24"
                >
                  <path
                    d="M15.185 7.4l-3.184 3.185-3.186-3.186a.507.507 0 0 0-.712.003l-.7.701a.496.496 0 0 0-.004.712l3.185 3.184L7.4 15.185a.507.507 0 0 0 .004.712l.7.7c.206.207.516.2.712.004l3.186-3.185 3.184 3.185a.507.507 0 0 0 .712-.004l.701-.7a.496.496 0 0 0 .003-.712l-3.186-3.186 3.186-3.184a.507.507 0 0 0-.003-.712l-.7-.7a.508.508 0 0 0-.36-.153.5.5 0 0 0-.353.15z"
                    fill="currentColor"
                    fill-rule="evenodd"
                  />
                </svg>
              </span>
            </span>
          </button>
        </div>
      </div>
    </div>
    <div
      class="emotion-14"
    >
      <div
        class="emotion-9"
      >
        <div
          class="emotion-8"
        >
          <div
            class="emotion-5"
          >
            <span
              class="sc-htpNat dcTkON"
              role="presentation"
            >
              <svg
                focusable="false"
                height="24"
                role="presentation"
                viewBox="0 0 24 24"
                width="24"
              >
                <path
                  d="M16.436 15.085l3.94 4.01a1 1 0 0 1-1.425 1.402l-3.938-4.006a7.5 7.5 0 1 1 1.423-1.406zM10.5 16a5.5 5.5 0 1 0 0-11 5.5 5.5 0 0 0 0 11z"
                  fill="currentColor"
                  fill-rule="evenodd"
                />
              </svg>
            </span>
          </div>
          <input
            autocomplete="off"
            class="emotion-6"
            name="help-search-input"
            placeholder="Search help articles"
            value=""
          />
          <div
            class="emotion-7"
          />
        </div>
      </div>
      <div
        class="emotion-13"
      >
        <div
          class="emotion-10"
          style="transition: opacity 440ms; opacity: 0; visibility: hidden;"
        />
        <div
          class="emotion-11"
          style="left: 100%; transition: left 300ms cubic-bezier(0.2, 0, 0, 1) 0s;"
        />
        <div
          class="emotion-12"
        >
          <div>
            Default content
          </div>
        </div>
      </div>
    </div>
  </div>
</div>
`;
