// Jest Snapshot v1, https://goo.gl/fbAQLP

exports[`gap-cursor-typeahead.ts: opens a quick insert menu from a Left-side gap cursor and inserts an emoji before the panel 1`] = `
Object {
  "content": Array [
    Object {
      "type": "paragraph",
    },
    Object {
      "content": Array [
        Object {
          "attrs": Object {
            "id": "1f600",
            "shortName": ":grinning:",
            "text": "ðŸ˜€",
          },
          "type": "emoji",
        },
        Object {
          "text": " ",
          "type": "text",
        },
      ],
      "type": "paragraph",
    },
    Object {
      "attrs": Object {
        "panelColor": null,
        "panelIcon": null,
        "panelIconId": null,
        "panelIconText": null,
        "panelType": "info",
      },
      "content": Array [
        Object {
          "type": "paragraph",
        },
      ],
      "type": "panel",
    },
    Object {
      "type": "paragraph",
    },
  ],
  "type": "doc",
}
`;

exports[`gap-cursor-typeahead.ts: opens a quick insert menu from a Right-side gap cursor and inserts an emoji after the panel 1`] = `
Object {
  "content": Array [
    Object {
      "type": "paragraph",
    },
    Object {
      "attrs": Object {
        "panelColor": null,
        "panelIcon": null,
        "panelIconId": null,
        "panelIconText": null,
        "panelType": "info",
      },
      "content": Array [
        Object {
          "type": "paragraph",
        },
      ],
      "type": "panel",
    },
    Object {
      "content": Array [
        Object {
          "attrs": Object {
            "id": "1f600",
            "shortName": ":grinning:",
            "text": "ðŸ˜€",
          },
          "type": "emoji",
        },
        Object {
          "text": " ",
          "type": "text",
        },
      ],
      "type": "paragraph",
    },
    Object {
      "type": "paragraph",
    },
  ],
  "type": "doc",
}
`;
