// Jest Snapshot v1, https://goo.gl/fbAQLP

exports[`Composition: Typing on native keyboard 1`] = `
Object {
  "content": Array [
    Object {
      "content": Array [
        Object {
          "text": "dog ",
          "type": "text",
        },
      ],
      "type": "paragraph",
    },
  ],
  "type": "doc",
  "version": 1,
}
`;
