// Jest Snapshot v1, https://goo.gl/fbAQLP

exports[`card: selecting a link from CMD + K menu should create an inline card 1`] = `
Object {
  "content": Array [
    Object {
      "content": Array [
        Object {
          "attrs": Object {
            "data": Object {
              "@context": "https://www.w3.org/ns/activitystreams",
              "@type": "Document",
              "name": "https://product-fabric.atlassian.net/wiki/display/H/Home+opt-in+requests",
              "url": "https://product-fabric.atlassian.net/wiki/display/H/Home+opt-in+requests",
            },
            "url": null,
          },
          "type": "inlineCard",
        },
        Object {
          "text": " ",
          "type": "text",
        },
      ],
      "type": "paragraph",
    },
  ],
  "type": "doc",
}
`;
