// Jest Snapshot v1, https://goo.gl/fbAQLP

exports[`WhatsNewResultsList Should match snapshot 1`] = `
.emotion-4 {
  position: relative;
  box-sizing: border-box;
  padding: 8px;
  display: block;
  -webkit-text-decoration: none;
  text-decoration: none;
  cursor: pointer;
  color: #6B778C;
  border-radius: 3px;
  border: 0;
  padding: 8px;
  margin-bottom: 0;
}

.emotion-4:hover,
.emotion-4:focus,
.emotion-4:visited,
.emotion-4:active {
  -webkit-text-decoration: none;
  text-decoration: none;
  outline: none;
  outline-offset: none;
}

.emotion-4:focus {
  box-shadow: #4C9AFF 0px 0px 0px 2px inset;
}

.emotion-4:hover {
  background-color: #EBECF0;
}

.emotion-4:active {
  background-color: #DEEBFF;
}

.emotion-2 {
  width: 100%;
  white-space: nowrap;
  margin-bottom: 4px;
}

.emotion-0 {
  display: inline-block;
  vertical-align: middle;
  position: relative;
  height: 32px;
  width: 32px;
  border-radius: 50%;
  background-color: #36B37E;
}

.emotion-0 > img {
  width: 16px;
  height: 16px;
  position: absolute;
  left: 50%;
  top: 50%;
  -webkit-transform: translate(-50%,-50%);
  -ms-transform: translate(-50%,-50%);
  transform: translate(-50%,-50%);
}

.emotion-0 > img > svg {
  height: 100%;
  width: 100%;
}

.emotion-1 {
  -webkit-text-decoration: none;
  text-decoration: none;
  color: #172B4D;
  font-size: 14px;
  font-weight: 600;
  display: inline-block;
  vertical-align: middle;
  padding-left: 4px;
  line-height: 20px;
  white-space: normal;
  overflow-x: hidden;
}

.emotion-3 {
  display: block;
  line-height: 20px;
  color: #505F79;
  margin: 0;
}

<a
  aria-disabled="false"
  class="emotion-4"
  role="button"
>
  <div
    class="emotion-2"
  >
    <div
      class="emotion-0"
      type="Announcement"
    >
      <img
        src="test-file-stub"
      />
    </div>
    <span
      class="emotion-1"
    >
      New
    </span>
  </div>
  <p
    class="emotion-3"
  >
    Mock What's New article title
  </p>
</a>
`;
